  Camera.cpp
  DDSTextureLoader12.cpp
  GameFramework.cpp
C:\Users\rpg26\OneDrive\Desktop\학교\3DGP_2\3DGP_2차과제 - 절두체 컬링\GameFramework.cpp(422,35): warning C4244: '인수': 'double'에서 'float'(으)로 변환하면서 데이터가 손실될 수 있습니다.
  GameLevelManager.cpp
  LabProject08-1-3.cpp
C:\Users\rpg26\OneDrive\Desktop\학교\3DGP_2\3DGP_2차과제 - 절두체 컬링\LabProject08-1-3.cpp(83,51): warning C4244: '=': 'double'에서 'int'(으)로 변환하면서 데이터가 손실될 수 있습니다.
C:\Users\rpg26\OneDrive\Desktop\학교\3DGP_2\3DGP_2차과제 - 절두체 컬링\LabProject08-1-3.cpp(84,52): warning C4244: '=': 'double'에서 'int'(으)로 변환하면서 데이터가 손실될 수 있습니다.
  Level.cpp
C:\Users\rpg26\OneDrive\Desktop\학교\3DGP_2\3DGP_2차과제 - 절두체 컬링\Level.cpp(158,21): warning C4018: '<': signed 또는 unsigned가 일치하지 않습니다.
C:\Users\rpg26\OneDrive\Desktop\학교\3DGP_2\3DGP_2차과제 - 절두체 컬링\Level.cpp(164,21): warning C4018: '<': signed 또는 unsigned가 일치하지 않습니다.
C:\Users\rpg26\OneDrive\Desktop\학교\3DGP_2\3DGP_2차과제 - 절두체 컬링\Level.cpp(216,3): warning C4065: switch문에 'default'가 있으나 'case' 레이블이 없습니다.
C:\Users\rpg26\OneDrive\Desktop\학교\3DGP_2\3DGP_2차과제 - 절두체 컬링\Level.cpp(236,22): warning C4018: '<': signed 또는 unsigned가 일치하지 않습니다.
C:\Users\rpg26\OneDrive\Desktop\학교\3DGP_2\3DGP_2차과제 - 절두체 컬링\Level.cpp(414,20): warning C4018: '<': signed 또는 unsigned가 일치하지 않습니다.
C:\Users\rpg26\OneDrive\Desktop\학교\3DGP_2\3DGP_2차과제 - 절두체 컬링\Level.cpp(462,3): warning C4065: switch문에 'default'가 있으나 'case' 레이블이 없습니다.
C:\Users\rpg26\OneDrive\Desktop\학교\3DGP_2\3DGP_2차과제 - 절두체 컬링\Level.cpp(481,21): warning C4018: '<': signed 또는 unsigned가 일치하지 않습니다.
  Mesh.cpp
  Object.cpp
  Player.cpp
  Scene.cpp
  Shader.cpp
C:\Users\rpg26\OneDrive\Desktop\학교\3DGP_2\3DGP_2차과제 - 절두체 컬링\Shader.cpp(247,20): warning C4018: '<': signed 또는 unsigned가 일치하지 않습니다.
C:\Users\rpg26\OneDrive\Desktop\학교\3DGP_2\3DGP_2차과제 - 절두체 컬링\Shader.cpp(262,20): warning C4018: '<': signed 또는 unsigned가 일치하지 않습니다.
C:\Users\rpg26\OneDrive\Desktop\학교\3DGP_2\3DGP_2차과제 - 절두체 컬링\Shader.cpp(270,20): warning C4018: '<': signed 또는 unsigned가 일치하지 않습니다.
C:\Users\rpg26\OneDrive\Desktop\학교\3DGP_2\3DGP_2차과제 - 절두체 컬링\Shader.cpp(282,20): warning C4018: '<': signed 또는 unsigned가 일치하지 않습니다.
C:\Users\rpg26\OneDrive\Desktop\학교\3DGP_2\3DGP_2차과제 - 절두체 컬링\Shader.cpp(495,27): warning C4018: '<': signed 또는 unsigned가 일치하지 않습니다.
C:\Users\rpg26\OneDrive\Desktop\학교\3DGP_2\3DGP_2차과제 - 절두체 컬링\Shader.cpp(522,21): warning C4018: '<': signed 또는 unsigned가 일치하지 않습니다.
C:\Users\rpg26\OneDrive\Desktop\학교\3DGP_2\3DGP_2차과제 - 절두체 컬링\Shader.cpp(529,20): warning C4018: '<': signed 또는 unsigned가 일치하지 않습니다.
C:\Users\rpg26\OneDrive\Desktop\학교\3DGP_2\3DGP_2차과제 - 절두체 컬링\Shader.cpp(541,20): warning C4018: '<': signed 또는 unsigned가 일치하지 않습니다.
C:\Users\rpg26\OneDrive\Desktop\학교\3DGP_2\3DGP_2차과제 - 절두체 컬링\Shader.cpp(834,20): warning C4018: '<': signed 또는 unsigned가 일치하지 않습니다.
C:\Users\rpg26\OneDrive\Desktop\학교\3DGP_2\3DGP_2차과제 - 절두체 컬링\Shader.cpp(924,20): warning C4018: '<': signed 또는 unsigned가 일치하지 않습니다.
  stdafx.cpp
  Timer.cpp
  WICTextureLoader12.cpp
  코드를 생성하고 있습니다.
  1059 of 1069 functions (99.1%) were compiled, the rest were copied from previous compilation.
    28 functions were new in current compilation
    1 functions had inline decision re-evaluated but remain unchanged
  코드를 생성했습니다.
  LabProject08-1-3.vcxproj -> C:\Users\rpg26\OneDrive\Desktop\학교\3DGP_2\3DGP_2차과제 - 절두체 컬링\x64\Release\LabProject08-1-3.exe
