  GameFramework.cpp
C:\Users\rpg26\OneDrive\Desktop\3DGP_2차과제_2 - 전체화면 업데이트\GameFramework.cpp(416,35): warning C4244: '인수': 'double'에서 'float'(으)로 변환하면서 데이터가 손실될 수 있습니다.
  GameLevelManager.cpp
  LabProject08-1-3.cpp
  Level.cpp
C:\Users\rpg26\OneDrive\Desktop\3DGP_2차과제_2 - 전체화면 업데이트\Level.cpp(131,21): warning C4018: '<': signed 또는 unsigned가 일치하지 않습니다.
C:\Users\rpg26\OneDrive\Desktop\3DGP_2차과제_2 - 전체화면 업데이트\Level.cpp(179,3): warning C4065: switch문에 'default'가 있으나 'case' 레이블이 없습니다.
C:\Users\rpg26\OneDrive\Desktop\3DGP_2차과제_2 - 전체화면 업데이트\Level.cpp(198,21): warning C4018: '<': signed 또는 unsigned가 일치하지 않습니다.
C:\Users\rpg26\OneDrive\Desktop\3DGP_2차과제_2 - 전체화면 업데이트\Level.cpp(360,20): warning C4018: '<': signed 또는 unsigned가 일치하지 않습니다.
C:\Users\rpg26\OneDrive\Desktop\3DGP_2차과제_2 - 전체화면 업데이트\Level.cpp(408,3): warning C4065: switch문에 'default'가 있으나 'case' 레이블이 없습니다.
C:\Users\rpg26\OneDrive\Desktop\3DGP_2차과제_2 - 전체화면 업데이트\Level.cpp(427,21): warning C4018: '<': signed 또는 unsigned가 일치하지 않습니다.
  Object.cpp
  Player.cpp
  Scene.cpp
  Shader.cpp
C:\Users\rpg26\OneDrive\Desktop\3DGP_2차과제_2 - 전체화면 업데이트\Shader.cpp(248,20): warning C4018: '<': signed 또는 unsigned가 일치하지 않습니다.
C:\Users\rpg26\OneDrive\Desktop\3DGP_2차과제_2 - 전체화면 업데이트\Shader.cpp(256,20): warning C4018: '<': signed 또는 unsigned가 일치하지 않습니다.
C:\Users\rpg26\OneDrive\Desktop\3DGP_2차과제_2 - 전체화면 업데이트\Shader.cpp(264,20): warning C4018: '<': signed 또는 unsigned가 일치하지 않습니다.
C:\Users\rpg26\OneDrive\Desktop\3DGP_2차과제_2 - 전체화면 업데이트\Shader.cpp(276,20): warning C4018: '<': signed 또는 unsigned가 일치하지 않습니다.
C:\Users\rpg26\OneDrive\Desktop\3DGP_2차과제_2 - 전체화면 업데이트\Shader.cpp(489,27): warning C4018: '<': signed 또는 unsigned가 일치하지 않습니다.
C:\Users\rpg26\OneDrive\Desktop\3DGP_2차과제_2 - 전체화면 업데이트\Shader.cpp(516,21): warning C4018: '<': signed 또는 unsigned가 일치하지 않습니다.
C:\Users\rpg26\OneDrive\Desktop\3DGP_2차과제_2 - 전체화면 업데이트\Shader.cpp(528,20): warning C4018: '<': signed 또는 unsigned가 일치하지 않습니다.
C:\Users\rpg26\OneDrive\Desktop\3DGP_2차과제_2 - 전체화면 업데이트\Shader.cpp(535,20): warning C4018: '<': signed 또는 unsigned가 일치하지 않습니다.
  코드를 생성하고 있습니다.
  8 of 704 functions ( 1.1%) were compiled, the rest were copied from previous compilation.
    0 functions were new in current compilation
    3 functions had inline decision re-evaluated but remain unchanged
  코드를 생성했습니다.
  LabProject08-1-3.vcxproj -> C:\Users\rpg26\OneDrive\Desktop\3DGP_2차과제_2 - 전체화면 업데이트\x64\Release\LabProject08-1-3.exe
