  Camera.cpp
  CollisionAlgorithm.cpp
  CollisionManager.cpp
  DDSTextureLoader12.cpp
  DescriptorHeap.cpp
  GameFramework.cpp
C:\Users\82102\Desktop\학교\3DGP_2\3DGP_2\3DGP_2차과제 - 빌보드 인스턴스\GameFramework.cpp(422,35): warning C4244: '인수': 'double'에서 'float'(으)로 변환하면서 데이터가 손실될 수 있습니다.
  GameLevelManager.cpp
  LabProject08-1-3.cpp
C:\Users\82102\Desktop\학교\3DGP_2\3DGP_2\3DGP_2차과제 - 빌보드 인스턴스\LabProject08-1-3.cpp(83,51): warning C4244: '=': 'double'에서 'int'(으)로 변환하면서 데이터가 손실될 수 있습니다.
C:\Users\82102\Desktop\학교\3DGP_2\3DGP_2\3DGP_2차과제 - 빌보드 인스턴스\LabProject08-1-3.cpp(84,52): warning C4244: '=': 'double'에서 'int'(으)로 변환하면서 데이터가 손실될 수 있습니다.
  Level.cpp
C:\Users\82102\Desktop\학교\3DGP_2\3DGP_2\3DGP_2차과제 - 빌보드 인스턴스\Level.cpp(59,3): warning C4065: switch문에 'default'가 있으나 'case' 레이블이 없습니다.
C:\Users\82102\Desktop\학교\3DGP_2\3DGP_2\3DGP_2차과제 - 빌보드 인스턴스\Level.cpp(148,3): warning C4065: switch문에 'default'가 있으나 'case' 레이블이 없습니다.
  Mesh.cpp
  Object.cpp
  Player.cpp
  Scene.cpp
C:\Users\82102\Desktop\학교\3DGP_2\3DGP_2\3DGP_2차과제 - 빌보드 인스턴스\Scene.cpp(22,21): warning C4018: '<': signed 또는 unsigned가 일치하지 않습니다.
C:\Users\82102\Desktop\학교\3DGP_2\3DGP_2\3DGP_2차과제 - 빌보드 인스턴스\Scene.cpp(28,21): warning C4018: '<': signed 또는 unsigned가 일치하지 않습니다.
C:\Users\82102\Desktop\학교\3DGP_2\3DGP_2\3DGP_2차과제 - 빌보드 인스턴스\Scene.cpp(110,22): warning C4018: '<': signed 또는 unsigned가 일치하지 않습니다.
  Shader.cpp
C:\Users\82102\Desktop\학교\3DGP_2\3DGP_2\3DGP_2차과제 - 빌보드 인스턴스\Shader.cpp(247,20): warning C4018: '<': signed 또는 unsigned가 일치하지 않습니다.
C:\Users\82102\Desktop\학교\3DGP_2\3DGP_2\3DGP_2차과제 - 빌보드 인스턴스\Shader.cpp(255,20): warning C4018: '<': signed 또는 unsigned가 일치하지 않습니다.
C:\Users\82102\Desktop\학교\3DGP_2\3DGP_2\3DGP_2차과제 - 빌보드 인스턴스\Shader.cpp(263,20): warning C4018: '<': signed 또는 unsigned가 일치하지 않습니다.
C:\Users\82102\Desktop\학교\3DGP_2\3DGP_2\3DGP_2차과제 - 빌보드 인스턴스\Shader.cpp(275,20): warning C4018: '<': signed 또는 unsigned가 일치하지 않습니다.
C:\Users\82102\Desktop\학교\3DGP_2\3DGP_2\3DGP_2차과제 - 빌보드 인스턴스\Shader.cpp(488,27): warning C4018: '<': signed 또는 unsigned가 일치하지 않습니다.
C:\Users\82102\Desktop\학교\3DGP_2\3DGP_2\3DGP_2차과제 - 빌보드 인스턴스\Shader.cpp(717,20): warning C4018: '<': signed 또는 unsigned가 일치하지 않습니다.
C:\Users\82102\Desktop\학교\3DGP_2\3DGP_2\3DGP_2차과제 - 빌보드 인스턴스\Shader.cpp(807,20): warning C4018: '<': signed 또는 unsigned가 일치하지 않습니다.
C:\Users\82102\Desktop\학교\3DGP_2\3DGP_2\3DGP_2차과제 - 빌보드 인스턴스\Shader.cpp(897,20): warning C4018: '<': signed 또는 unsigned가 일치하지 않습니다.
  stdafx.cpp
  Timer.cpp
  WICTextureLoader12.cpp
  코드를 생성하고 있습니다.
  1084 of 1094 functions (99.1%) were compiled, the rest were copied from previous compilation.
    28 functions were new in current compilation
    1 functions had inline decision re-evaluated but remain unchanged
  코드를 생성했습니다.
  LabProject08-1-3.vcxproj -> C:\Users\82102\Desktop\학교\3DGP_2\3DGP_2\3DGP_2차과제 - 빌보드 인스턴스\x64\Release\LabProject08-1-3.exe
