c:\working\directx 12\directx12labprojects\labproject08-1-3\x64\debug\vc143.pdb
c:\working\directx 12\directx12labprojects\labproject08-1-3\x64\debug\vc143.idb
c:\working\directx 12\directx12labprojects\labproject08-1-3\x64\debug\wictextureloader12.obj
c:\working\directx 12\directx12labprojects\labproject08-1-3\x64\debug\timer.obj
c:\working\directx 12\directx12labprojects\labproject08-1-3\x64\debug\stdafx.obj
c:\working\directx 12\directx12labprojects\labproject08-1-3\x64\debug\shader.obj
c:\working\directx 12\directx12labprojects\labproject08-1-3\x64\debug\scene.obj
c:\working\directx 12\directx12labprojects\labproject08-1-3\x64\debug\player.obj
c:\working\directx 12\directx12labprojects\labproject08-1-3\x64\debug\object.obj
c:\working\directx 12\directx12labprojects\labproject08-1-3\x64\debug\mesh.obj
c:\working\directx 12\directx12labprojects\labproject08-1-3\x64\debug\labproject08-1-3.obj
c:\working\directx 12\directx12labprojects\labproject08-1-3\x64\debug\gameframework.obj
c:\working\directx 12\directx12labprojects\labproject08-1-3\x64\debug\ddstextureloader12.obj
c:\working\directx 12\directx12labprojects\labproject08-1-3\x64\debug\camera.obj
c:\working\directx 12\directx12labprojects\x64\debug\shaders.cso
c:\working\directx 12\directx12labprojects\x64\debug\labproject08-1-3.exe
c:\working\directx 12\directx12labprojects\x64\debug\labproject08-1-3.pdb
c:\working\directx 12\directx12labprojects\labproject08-1-3\x64\debug\labproject08-1-3.res
c:\working\directx 12\directx12labprojects\labproject08-1-3\x64\debug\labproject08-1-3.ilk
d:\working\directx 12\directx12labprojects\labproject08-1-3\x64\debug\camera.obj
d:\working\directx 12\directx12labprojects\labproject08-1-3\x64\debug\ddstextureloader12.obj
d:\working\directx 12\directx12labprojects\labproject08-1-3\x64\debug\gameframework.obj
d:\working\directx 12\directx12labprojects\labproject08-1-3\x64\debug\labproject08-1-3.obj
d:\working\directx 12\directx12labprojects\labproject08-1-3\x64\debug\mesh.obj
d:\working\directx 12\directx12labprojects\labproject08-1-3\x64\debug\object.obj
d:\working\directx 12\directx12labprojects\labproject08-1-3\x64\debug\player.obj
d:\working\directx 12\directx12labprojects\labproject08-1-3\x64\debug\scene.obj
d:\working\directx 12\directx12labprojects\labproject08-1-3\x64\debug\shader.obj
d:\working\directx 12\directx12labprojects\labproject08-1-3\x64\debug\stdafx.obj
d:\working\directx 12\directx12labprojects\labproject08-1-3\x64\debug\timer.obj
d:\working\directx 12\directx12labprojects\labproject08-1-3\x64\debug\wictextureloader12.obj
d:\working\directx 12\directx12labprojects\labproject08-1-3\x64\debug\labproject08-1-3.ilk
d:\working\directx 12\directx12labprojects\labproject08-1-3\x64\debug\labproject08-1-3.res
d:\working\directx 12\directx12labprojects\labproject08-1-3\x64\debug\vc143.idb
d:\working\directx 12\directx12labprojects\labproject08-1-3\x64\debug\vc143.pdb
d:\working\directx 12\directx12labprojects\x64\debug\labproject08-1-3.pdb
d:\working\directx 12\directx12labprojects\x64\debug\labproject08-1-3.exe
d:\working\directx 12\directx12labprojects\labproject08-1-3\x64\debug\labproject08-1-3.tlog\cl.command.1.tlog
d:\working\directx 12\directx12labprojects\labproject08-1-3\x64\debug\labproject08-1-3.tlog\cl.items.tlog
d:\working\directx 12\directx12labprojects\labproject08-1-3\x64\debug\labproject08-1-3.tlog\cl.read.1.tlog
d:\working\directx 12\directx12labprojects\labproject08-1-3\x64\debug\labproject08-1-3.tlog\cl.write.1.tlog
d:\working\directx 12\directx12labprojects\labproject08-1-3\x64\debug\labproject08-1-3.tlog\fxc.command.1.tlog
d:\working\directx 12\directx12labprojects\labproject08-1-3\x64\debug\labproject08-1-3.tlog\fxc.read.1.tlog
d:\working\directx 12\directx12labprojects\labproject08-1-3\x64\debug\labproject08-1-3.tlog\fxc.write.1.tlog
d:\working\directx 12\directx12labprojects\labproject08-1-3\x64\debug\labproject08-1-3.tlog\link.command.1.tlog
d:\working\directx 12\directx12labprojects\labproject08-1-3\x64\debug\labproject08-1-3.tlog\link.read.1.tlog
d:\working\directx 12\directx12labprojects\labproject08-1-3\x64\debug\labproject08-1-3.tlog\link.secondary.1.tlog
d:\working\directx 12\directx12labprojects\labproject08-1-3\x64\debug\labproject08-1-3.tlog\link.write.1.tlog
d:\working\directx 12\directx12labprojects\labproject08-1-3\x64\debug\labproject08-1-3.tlog\rc.command.1.tlog
d:\working\directx 12\directx12labprojects\labproject08-1-3\x64\debug\labproject08-1-3.tlog\rc.read.1.tlog
d:\working\directx 12\directx12labprojects\labproject08-1-3\x64\debug\labproject08-1-3.tlog\rc.write.1.tlog
