  GameFramework.cpp
C:\Users\82102\Desktop\3DGP_2차과제_2\GameFramework.cpp(416,35): warning C4244: '인수': 'double'에서 'float'(으)로 변환하면서 데이터가 손실될 수 있습니다.
  GameLevelManager.cpp
  LabProject08-1-3.cpp
  Level.cpp
C:\Users\82102\Desktop\3DGP_2차과제_2\Level.cpp(131,21): warning C4018: '<': signed 또는 unsigned가 일치하지 않습니다.
C:\Users\82102\Desktop\3DGP_2차과제_2\Level.cpp(177,3): warning C4065: switch문에 'default'가 있으나 'case' 레이블이 없습니다.
C:\Users\82102\Desktop\3DGP_2차과제_2\Level.cpp(344,20): warning C4018: '<': signed 또는 unsigned가 일치하지 않습니다.
C:\Users\82102\Desktop\3DGP_2차과제_2\Level.cpp(390,3): warning C4065: switch문에 'default'가 있으나 'case' 레이블이 없습니다.
  Object.cpp
  Scene.cpp
  Shader.cpp
C:\Users\82102\Desktop\3DGP_2차과제_2\Shader.cpp(248,20): warning C4018: '<': signed 또는 unsigned가 일치하지 않습니다.
C:\Users\82102\Desktop\3DGP_2차과제_2\Shader.cpp(256,20): warning C4018: '<': signed 또는 unsigned가 일치하지 않습니다.
C:\Users\82102\Desktop\3DGP_2차과제_2\Shader.cpp(264,20): warning C4018: '<': signed 또는 unsigned가 일치하지 않습니다.
C:\Users\82102\Desktop\3DGP_2차과제_2\Shader.cpp(276,20): warning C4018: '<': signed 또는 unsigned가 일치하지 않습니다.
C:\Users\82102\Desktop\3DGP_2차과제_2\Shader.cpp(491,27): warning C4018: '<': signed 또는 unsigned가 일치하지 않습니다.
C:\Users\82102\Desktop\3DGP_2차과제_2\Shader.cpp(519,21): warning C4018: '<': signed 또는 unsigned가 일치하지 않습니다.
C:\Users\82102\Desktop\3DGP_2차과제_2\Shader.cpp(531,20): warning C4018: '<': signed 또는 unsigned가 일치하지 않습니다.
C:\Users\82102\Desktop\3DGP_2차과제_2\Shader.cpp(538,20): warning C4018: '<': signed 또는 unsigned가 일치하지 않습니다.
  코드를 생성하고 있습니다.
  2 of 706 functions ( 0.3%) were compiled, the rest were copied from previous compilation.
    0 functions were new in current compilation
    8 functions had inline decision re-evaluated but remain unchanged
  코드를 생성했습니다.
  LabProject08-1-3.vcxproj -> C:\Users\82102\Desktop\3DGP_2차과제_2\x64\Release\LabProject08-1-3.exe
