  Camera.cpp
  CollisionAlgorithm.cpp
  CollisionManager.cpp
  DDSTextureLoader12.cpp
  DescriptorHeap.cpp
  GameFramework.cpp
C:\Users\rpg26\OneDrive\Desktop\학교\3DGP_2\3DGP_2차과제 - 거울세계 구현\GameFramework.cpp(422,35): warning C4244: '인수': 'double'에서 'float'(으)로 변환하면서 데이터가 손실될 수 있습니다.
  GameLevelManager.cpp
  LabProject08-1-3.cpp
C:\Users\rpg26\OneDrive\Desktop\학교\3DGP_2\3DGP_2차과제 - 거울세계 구현\LabProject08-1-3.cpp(83,51): warning C4244: '=': 'double'에서 'int'(으)로 변환하면서 데이터가 손실될 수 있습니다.
C:\Users\rpg26\OneDrive\Desktop\학교\3DGP_2\3DGP_2차과제 - 거울세계 구현\LabProject08-1-3.cpp(84,52): warning C4244: '=': 'double'에서 'int'(으)로 변환하면서 데이터가 손실될 수 있습니다.
  Level.cpp
C:\Users\rpg26\OneDrive\Desktop\학교\3DGP_2\3DGP_2차과제 - 거울세계 구현\Level.cpp(60,3): warning C4065: switch문에 'default'가 있으나 'case' 레이블이 없습니다.
C:\Users\rpg26\OneDrive\Desktop\학교\3DGP_2\3DGP_2차과제 - 거울세계 구현\Level.cpp(128,3): warning C4065: switch문에 'default'가 있으나 'case' 레이블이 없습니다.
  Mesh.cpp
  Object.cpp
  Player.cpp
  Scene.cpp
C:\Users\rpg26\OneDrive\Desktop\학교\3DGP_2\3DGP_2차과제 - 거울세계 구현\Scene.cpp(24,21): warning C4018: '<': signed 또는 unsigned가 일치하지 않습니다.
C:\Users\rpg26\OneDrive\Desktop\학교\3DGP_2\3DGP_2차과제 - 거울세계 구현\Scene.cpp(30,21): warning C4018: '<': signed 또는 unsigned가 일치하지 않습니다.
C:\Users\rpg26\OneDrive\Desktop\학교\3DGP_2\3DGP_2차과제 - 거울세계 구현\Scene.cpp(140,22): warning C4018: '<': signed 또는 unsigned가 일치하지 않습니다.
C:\Users\rpg26\OneDrive\Desktop\학교\3DGP_2\3DGP_2차과제 - 거울세계 구현\Scene.cpp(219,53): warning C4267: '인수': 'size_t'에서 'UINT'(으)로 변환하면서 데이터가 손실될 수 있습니다.
C:\Users\rpg26\OneDrive\Desktop\학교\3DGP_2\3DGP_2차과제 - 거울세계 구현\Scene.cpp(230,62): warning C4267: '인수': 'size_t'에서 'UINT'(으)로 변환하면서 데이터가 손실될 수 있습니다.
C:\Users\rpg26\OneDrive\Desktop\학교\3DGP_2\3DGP_2차과제 - 거울세계 구현\Scene.cpp(533,26): warning C4267: '인수': 'size_t'에서 'UINT'(으)로 변환하면서 데이터가 손실될 수 있습니다.
C:\Users\rpg26\OneDrive\Desktop\학교\3DGP_2\3DGP_2차과제 - 거울세계 구현\Scene.cpp(540,25): warning C4267: '인수': 'size_t'에서 'UINT'(으)로 변환하면서 데이터가 손실될 수 있습니다.
C:\Users\rpg26\OneDrive\Desktop\학교\3DGP_2\3DGP_2차과제 - 거울세계 구현\Scene.cpp(546,30): warning C4267: '인수': 'size_t'에서 'UINT'(으)로 변환하면서 데이터가 손실될 수 있습니다.
C:\Users\rpg26\OneDrive\Desktop\학교\3DGP_2\3DGP_2차과제 - 거울세계 구현\Scene.cpp(552,25): warning C4267: '인수': 'size_t'에서 'UINT'(으)로 변환하면서 데이터가 손실될 수 있습니다.
C:\Users\rpg26\OneDrive\Desktop\학교\3DGP_2\3DGP_2차과제 - 거울세계 구현\Scene.cpp(559,18): warning C4267: '인수': 'size_t'에서 'UINT'(으)로 변환하면서 데이터가 손실될 수 있습니다.
C:\Users\rpg26\OneDrive\Desktop\학교\3DGP_2\3DGP_2차과제 - 거울세계 구현\Scene.cpp(566,18): warning C4267: '인수': 'size_t'에서 'UINT'(으)로 변환하면서 데이터가 손실될 수 있습니다.
  Shader.cpp
C:\Users\rpg26\OneDrive\Desktop\학교\3DGP_2\3DGP_2차과제 - 거울세계 구현\Shader.cpp(247,20): warning C4018: '<': signed 또는 unsigned가 일치하지 않습니다.
C:\Users\rpg26\OneDrive\Desktop\학교\3DGP_2\3DGP_2차과제 - 거울세계 구현\Shader.cpp(255,20): warning C4018: '<': signed 또는 unsigned가 일치하지 않습니다.
C:\Users\rpg26\OneDrive\Desktop\학교\3DGP_2\3DGP_2차과제 - 거울세계 구현\Shader.cpp(263,20): warning C4018: '<': signed 또는 unsigned가 일치하지 않습니다.
C:\Users\rpg26\OneDrive\Desktop\학교\3DGP_2\3DGP_2차과제 - 거울세계 구현\Shader.cpp(275,20): warning C4018: '<': signed 또는 unsigned가 일치하지 않습니다.
C:\Users\rpg26\OneDrive\Desktop\학교\3DGP_2\3DGP_2차과제 - 거울세계 구현\Shader.cpp(542,27): warning C4018: '<': signed 또는 unsigned가 일치하지 않습니다.
C:\Users\rpg26\OneDrive\Desktop\학교\3DGP_2\3DGP_2차과제 - 거울세계 구현\Shader.cpp(610,21): warning C4018: '<': signed 또는 unsigned가 일치하지 않습니다.
C:\Users\rpg26\OneDrive\Desktop\학교\3DGP_2\3DGP_2차과제 - 거울세계 구현\Shader.cpp(936,20): warning C4018: '<': signed 또는 unsigned가 일치하지 않습니다.
C:\Users\rpg26\OneDrive\Desktop\학교\3DGP_2\3DGP_2차과제 - 거울세계 구현\Shader.cpp(1027,20): warning C4018: '<': signed 또는 unsigned가 일치하지 않습니다.
C:\Users\rpg26\OneDrive\Desktop\학교\3DGP_2\3DGP_2차과제 - 거울세계 구현\Shader.cpp(1118,20): warning C4018: '<': signed 또는 unsigned가 일치하지 않습니다.
  stdafx.cpp
  Timer.cpp
  WICTextureLoader12.cpp
  코드를 생성하고 있습니다.
  1207 of 1219 functions (99.0%) were compiled, the rest were copied from previous compilation.
    28 functions were new in current compilation
    1 functions had inline decision re-evaluated but remain unchanged
  코드를 생성했습니다.
  LabProject08-1-3.vcxproj -> C:\Users\rpg26\OneDrive\Desktop\학교\3DGP_2\3DGP_2차과제 - 거울세계 구현\x64\Release\LabProject08-1-3.exe
