  Camera.cpp
  DDSTextureLoader12.cpp
  GameFramework.cpp
C:\Users\82102\Desktop\학교\3DGP_2\3DGP_2\3DGP_2차과제\GameFramework.cpp(419,35): warning C4244: '인수': 'double'에서 'float'(으)로 변환하면서 데이터가 손실될 수 있습니다.
  GameLevelManager.cpp
  LabProject08-1-3.cpp
  Level.cpp
  Mesh.cpp
  Object.cpp
  Player.cpp
  Scene.cpp
  Shader.cpp
  Timer.cpp
  WICTextureLoader12.cpp
  stdafx.cpp
  코드를 생성하고 있습니다.
  651 of 654 functions (99.5%) were compiled, the rest were copied from previous compilation.
    28 functions were new in current compilation
    1 functions had inline decision re-evaluated but remain unchanged
  코드를 생성했습니다.
  LabProject08-1-3.vcxproj -> C:\Users\82102\Desktop\학교\3DGP_2\3DGP_2\3DGP_2차과제\x64\Release\LabProject08-1-3.exe
